Archive member included to satisfy reference by file (symbol)

E:/STM32CubeIDE_1.17.0/STM32CubeIDE/plugins/com.st.stm32cube.ide.mcu.externaltools.gnu-tools-for-stm32.12.3.rel1.win32_1.1.0.202410251130/tools/bin/../lib/gcc/arm-none-eabi/12.3.1/../../../../arm-none-eabi/lib/thumb/v7e-m/nofp\libc_nano.a(libc_a-exit.o)
                              E:/STM32CubeIDE_1.17.0/STM32CubeIDE/plugins/com.st.stm32cube.ide.mcu.externaltools.gnu-tools-for-stm32.12.3.rel1.win32_1.1.0.202410251130/tools/bin/../lib/gcc/arm-none-eabi/12.3.1/../../../../arm-none-eabi/lib/thumb/v7e-m/nofp/crt0.o (exit)
E:/STM32CubeIDE_1.17.0/STM32CubeIDE/plugins/com.st.stm32cube.ide.mcu.externaltools.gnu-tools-for-stm32.12.3.rel1.win32_1.1.0.202410251130/tools/bin/../lib/gcc/arm-none-eabi/12.3.1/../../../../arm-none-eabi/lib/thumb/v7e-m/nofp\libc_nano.a(libc_a-findfp.o)
                              E:/STM32CubeIDE_1.17.0/STM32CubeIDE/plugins/com.st.stm32cube.ide.mcu.externaltools.gnu-tools-for-stm32.12.3.rel1.win32_1.1.0.202410251130/tools/bin/../lib/gcc/arm-none-eabi/12.3.1/../../../../arm-none-eabi/lib/thumb/v7e-m/nofp\libc_nano.a(libc_a-exit.o) (__stdio_exit_handler)
E:/STM32CubeIDE_1.17.0/STM32CubeIDE/plugins/com.st.stm32cube.ide.mcu.externaltools.gnu-tools-for-stm32.12.3.rel1.win32_1.1.0.202410251130/tools/bin/../lib/gcc/arm-none-eabi/12.3.1/../../../../arm-none-eabi/lib/thumb/v7e-m/nofp\libc_nano.a(libc_a-fwalk.o)
                              E:/STM32CubeIDE_1.17.0/STM32CubeIDE/plugins/com.st.stm32cube.ide.mcu.externaltools.gnu-tools-for-stm32.12.3.rel1.win32_1.1.0.202410251130/tools/bin/../lib/gcc/arm-none-eabi/12.3.1/../../../../arm-none-eabi/lib/thumb/v7e-m/nofp\libc_nano.a(libc_a-findfp.o) (_fwalk_sglue)
E:/STM32CubeIDE_1.17.0/STM32CubeIDE/plugins/com.st.stm32cube.ide.mcu.externaltools.gnu-tools-for-stm32.12.3.rel1.win32_1.1.0.202410251130/tools/bin/../lib/gcc/arm-none-eabi/12.3.1/../../../../arm-none-eabi/lib/thumb/v7e-m/nofp\libc_nano.a(libc_a-stdio.o)
                              E:/STM32CubeIDE_1.17.0/STM32CubeIDE/plugins/com.st.stm32cube.ide.mcu.externaltools.gnu-tools-for-stm32.12.3.rel1.win32_1.1.0.202410251130/tools/bin/../lib/gcc/arm-none-eabi/12.3.1/../../../../arm-none-eabi/lib/thumb/v7e-m/nofp\libc_nano.a(libc_a-findfp.o) (__sread)
E:/STM32CubeIDE_1.17.0/STM32CubeIDE/plugins/com.st.stm32cube.ide.mcu.externaltools.gnu-tools-for-stm32.12.3.rel1.win32_1.1.0.202410251130/tools/bin/../lib/gcc/arm-none-eabi/12.3.1/../../../../arm-none-eabi/lib/thumb/v7e-m/nofp\libc_nano.a(libc_a-memset.o)
                              E:/STM32CubeIDE_1.17.0/STM32CubeIDE/plugins/com.st.stm32cube.ide.mcu.externaltools.gnu-tools-for-stm32.12.3.rel1.win32_1.1.0.202410251130/tools/bin/../lib/gcc/arm-none-eabi/12.3.1/../../../../arm-none-eabi/lib/thumb/v7e-m/nofp/crt0.o (memset)
E:/STM32CubeIDE_1.17.0/STM32CubeIDE/plugins/com.st.stm32cube.ide.mcu.externaltools.gnu-tools-for-stm32.12.3.rel1.win32_1.1.0.202410251130/tools/bin/../lib/gcc/arm-none-eabi/12.3.1/../../../../arm-none-eabi/lib/thumb/v7e-m/nofp\libc_nano.a(libc_a-closer.o)
                              E:/STM32CubeIDE_1.17.0/STM32CubeIDE/plugins/com.st.stm32cube.ide.mcu.externaltools.gnu-tools-for-stm32.12.3.rel1.win32_1.1.0.202410251130/tools/bin/../lib/gcc/arm-none-eabi/12.3.1/../../../../arm-none-eabi/lib/thumb/v7e-m/nofp\libc_nano.a(libc_a-stdio.o) (_close_r)
E:/STM32CubeIDE_1.17.0/STM32CubeIDE/plugins/com.st.stm32cube.ide.mcu.externaltools.gnu-tools-for-stm32.12.3.rel1.win32_1.1.0.202410251130/tools/bin/../lib/gcc/arm-none-eabi/12.3.1/../../../../arm-none-eabi/lib/thumb/v7e-m/nofp\libc_nano.a(libc_a-reent.o)
                              E:/STM32CubeIDE_1.17.0/STM32CubeIDE/plugins/com.st.stm32cube.ide.mcu.externaltools.gnu-tools-for-stm32.12.3.rel1.win32_1.1.0.202410251130/tools/bin/../lib/gcc/arm-none-eabi/12.3.1/../../../../arm-none-eabi/lib/thumb/v7e-m/nofp\libc_nano.a(libc_a-closer.o) (errno)
E:/STM32CubeIDE_1.17.0/STM32CubeIDE/plugins/com.st.stm32cube.ide.mcu.externaltools.gnu-tools-for-stm32.12.3.rel1.win32_1.1.0.202410251130/tools/bin/../lib/gcc/arm-none-eabi/12.3.1/../../../../arm-none-eabi/lib/thumb/v7e-m/nofp\libc_nano.a(libc_a-impure.o)
                              E:/STM32CubeIDE_1.17.0/STM32CubeIDE/plugins/com.st.stm32cube.ide.mcu.externaltools.gnu-tools-for-stm32.12.3.rel1.win32_1.1.0.202410251130/tools/bin/../lib/gcc/arm-none-eabi/12.3.1/../../../../arm-none-eabi/lib/thumb/v7e-m/nofp\libc_nano.a(libc_a-reent.o) (_impure_ptr)
E:/STM32CubeIDE_1.17.0/STM32CubeIDE/plugins/com.st.stm32cube.ide.mcu.externaltools.gnu-tools-for-stm32.12.3.rel1.win32_1.1.0.202410251130/tools/bin/../lib/gcc/arm-none-eabi/12.3.1/../../../../arm-none-eabi/lib/thumb/v7e-m/nofp\libc_nano.a(libc_a-lseekr.o)
                              E:/STM32CubeIDE_1.17.0/STM32CubeIDE/plugins/com.st.stm32cube.ide.mcu.externaltools.gnu-tools-for-stm32.12.3.rel1.win32_1.1.0.202410251130/tools/bin/../lib/gcc/arm-none-eabi/12.3.1/../../../../arm-none-eabi/lib/thumb/v7e-m/nofp\libc_nano.a(libc_a-stdio.o) (_lseek_r)
[...]
Memory Configuration

Name             Origin             Length             Attributes
CCMRAM           0x10000000         0x00010000         xrw
RAM              0x20000000         0x00020000         xrw
FLASH            0x08000000         0x00100000         xr
*default*        0x00000000         0xffffffff

Linker script and memory map

LOAD E:/STM32CubeIDE_1.17.0/STM32CubeIDE/plugins/com.st.stm32cube.ide.mcu.externaltools.gnu-tools-for-stm32.12.3.rel1.win32_1.1.0.202410251130/tools/bin/../lib/gcc/arm-none-eabi/12.3.1/thumb/v7e-m/nofp/crti.o
LOAD E:/STM32CubeIDE_1.17.0/STM32CubeIDE/plugins/com.st.stm32cube.ide.mcu.externaltools.gnu-tools-for-stm32.12.3.rel1.win32_1.1.0.202410251130/tools/bin/../lib/gcc/arm-none-eabi/12.3.1/thumb/v7e-m/nofp/crtbegin.o
LOAD E:/STM32CubeIDE_1.17.0/STM32CubeIDE/plugins/com.st.stm32cube.ide.mcu.externaltools.gnu-tools-for-stm32.12.3.rel1.win32_1.1.0.202410251130/tools/bin/../lib/gcc/arm-none-eabi/12.3.1/../../../../arm-none-eabi/lib/thumb/v7e-m/nofp/crt0.o
LOAD ./Src/007i2c_master_receive.o
LOAD ./Src/syscalls.o
LOAD ./Src/sysmem.o
LOAD ./Startup/startup_stm32f405rgtx.o
LOAD ./drivers/Src/stm32f405xx_gpio_driver.o
LOAD ./drivers/Src/stm32f405xx_i2c_driver.o
LOAD ./drivers/Src/stm32f405xx_rcc_driver.o
LOAD ./drivers/Src/stm32f405xx_spi_driver.o
LOAD ./drivers/Src/stm32f405xx_usart_driver.o
START GROUP
LOAD E:/STM32CubeIDE_1.17.0/STM32CubeIDE/plugins/com.st.stm32cube.ide.mcu.externaltools.gnu-tools-for-stm32.12.3.rel1.win32_1.1.0.202410251130/tools/bin/../lib/gcc/arm-none-eabi/12.3.1/../../../../arm-none-eabi/lib/thumb/v7e-m/nofp\libc_nano.a
LOAD E:/STM32CubeIDE_1.17.0/STM32CubeIDE/plugins/com.st.stm32cube.ide.mcu.externaltools.gnu-tools-for-stm32.12.3.rel1.win32_1.1.0.202410251130/tools/bin/../lib/gcc/arm-none-eabi/12.3.1/../../../../arm-none-eabi/lib/thumb/v7e-m/nofp\libm.a
END GROUP
START GROUP
LOAD E:/STM32CubeIDE_1.17.0/STM32CubeIDE/plugins/com.st.stm32cube.ide.mcu.externaltools.gnu-tools-for-stm32.12.3.rel1.win32_1.1.0.202410251130/tools/bin/../lib/gcc/arm-none-eabi/12.3.1/thumb/v7e-m/nofp\libgcc.a
LOAD E:/STM32CubeIDE_1.17.0/STM32CubeIDE/plugins/com.st.stm32cube.ide.mcu.externaltools.gnu-tools-for-stm32.12.3.rel1.win32_1.1.0.202410251130/tools/bin/../lib/gcc/arm-none-eabi/12.3.1/../../../../arm-none-eabi/lib/thumb/v7e-m/nofp\libc_nano.a
END GROUP
START GROUP
LOAD E:/STM32CubeIDE_1.17.0/STM32CubeIDE/plugins/com.st.stm32cube.ide.mcu.externaltools.gnu-tools-for-stm32.12.3.rel1.win32_1.1.0.202410251130/tools/bin/../lib/gcc/arm-none-eabi/12.3.1/thumb/v7e-m/nofp\libgcc.a
LOAD E:/STM32CubeIDE_1.17.0/STM32CubeIDE/plugins/com.st.stm32cube.ide.mcu.externaltools.gnu-tools-for-stm32.12.3.rel1.win32_1.1.0.202410251130/tools/bin/../lib/gcc/arm-none-eabi/12.3.1/../../../../arm-none-eabi/lib/thumb/v7e-m/nofp\libc_nano.a
LOAD E:/STM32CubeIDE_1.17.0/STM32CubeIDE/plugins/com.st.stm32cube.ide.mcu.externaltools.gnu-tools-for-stm32.12.3.rel1.win32_1.1.0.202410251130/tools/bin/../lib/gcc/arm-none-eabi/12.3.1/../../../../arm-none-eabi/lib/thumb/v7e-m/nofp\libnosys.a
END GROUP
START GROUP
LOAD E:/STM32CubeIDE_1.17.0/STM32CubeIDE/plugins/com.st.stm32cube.ide.mcu.externaltools.gnu-tools-for-stm32.12.3.rel1.win32_1.1.0.202410251130/tools/bin/../lib/gcc/arm-none-eabi/12.3.1/thumb/v7e-m/nofp\libgcc.a
LOAD E:/STM32CubeIDE_1.17.0/STM32CubeIDE/plugins/com.st.stm32cube.ide.mcu.externaltools.gnu-tools-for-stm32.12.3.rel1.win32_1.1.0.202410251130/tools/bin/../lib/gcc/arm-none-eabi/12.3.1/../../../../arm-none-eabi/lib/thumb/v7e-m/nofp\libc_nano.a
LOAD E:/STM32CubeIDE_1.17.0/STM32CubeIDE/plugins/com.st.stm32cube.ide.mcu.externaltools.gnu-tools-for-stm32.12.3.rel1.win32_1.1.0.202410251130/tools/bin/../lib/gcc/arm-none-eabi/12.3.1/../../../../arm-none-eabi/lib/thumb/v7e-m/nofp\libnosys.a
END GROUP
LOAD E:/STM32CubeIDE_1.17.0/STM32CubeIDE/plugins/com.st.stm32cube.ide.mcu.externaltools.gnu-tools-for-stm32.12.3.rel1.win32_1.1.0.202410251130/tools/bin/../lib/gcc/arm-none-eabi/12.3.1/thumb/v7e-m/nofp/crtend.o
LOAD E:/STM32CubeIDE_1.17.0/STM32CubeIDE/plugins/com.st.stm32cube.ide.mcu.externaltools.gnu-tools-for-stm32.12.3.rel1.win32_1.1.0.202410251130/tools/bin/../lib/gcc/arm-none-eabi/12.3.1/thumb/v7e-m/nofp/crtn.o
                0x20020000                        _estack = (ORIGIN (RAM) + LENGTH (RAM))
                0x00000200                        _Min_Heap_Size = 0x200
                0x00000400                        _Min_Stack_Size = 0x400

.isr_vector     0x08000000      0x188
                0x08000000                        . = ALIGN (0x4)
 *(.isr_vector)
 .isr_vector    0x08000000      0x188 ./Startup/startup_stm32f405rgtx.o
                0x08000000                g_pfnVectors
                0x08000188                        . = ALIGN (0x4)

.text           0x08000188      0x8e4
                0x08000188                        . = ALIGN (0x4)
 *(.text)
 .text          0x08000188       0x40 E:/STM32CubeIDE_1.17.0/STM32CubeIDE/plugins/com.st.stm32cube.ide.mcu.externaltools.gnu-tools-for-stm32.12.3.rel1.win32_1.1.0.202410251130/tools/bin/../lib/gcc/arm-none-eabi/12.3.1/thumb/v7e-m/nofp/crtbegin.o
 *(.text*)
 .text.GPIO_I2C_Init
                0x080001c8       0x44 ./Src/007i2c_master_receive.o
                0x080001c8                GPIO_I2C_Init
 .text.I2C1_Inits
                0x0800020c       0x38 ./Src/007i2c_master_receive.o
                0x0800020c                I2C1_Inits
 .text.main     0x08000244       0x28 ./Src/007i2c_master_receive.o
                0x08000244                main
 .text.Reset_Handler
                0x0800026c       0x50 ./Startup/startup_stm32f405rgtx.o
                0x0800026c                Reset_Handler
 .text.Default_Handler
                0x080002bc        0x2 ./Startup/startup_stm32f405rgtx.o
                0x080002bc                RTC_Alarm_IRQHandler
                0x080002bc                HASH_RNG_IRQHandler
                0x080002bc                EXTI2_IRQHandler
                0x080002bc                TIM8_CC_IRQHandler
                0x080002bc                DebugMon_Handler
                0x080002bc                TIM1_CC_IRQHandler
                0x080002bc                DMA2_Stream5_IRQHandler
                0x080002bc                HardFault_Handler
                0x080002bc                DMA1_Stream5_IRQHandler
                0x080002bc                SysTick_Handler
                0x080002bc                PVD_IRQHandler
                0x080002bc                SDIO_IRQHandler
                0x080002bc                TAMP_STAMP_IRQHandler
                0x080002bc                PendSV_Handler
                0x080002bc                NMI_Handler
                0x080002bc                CAN2_RX1_IRQHandler
                0x080002bc                EXTI3_IRQHandler
                0x080002bc                TIM8_TRG_COM_TIM14_IRQHandler
                0x080002bc                TIM1_UP_TIM10_IRQHandler
                0x080002bc                TIM8_UP_TIM13_IRQHandler
                0x080002bc                I2C3_ER_IRQHandler
                0x080002bc                EXTI0_IRQHandler
                0x080002bc                I2C2_EV_IRQHandler
                0x080002bc                DMA1_Stream2_IRQHandler
                0x080002bc                CAN1_RX0_IRQHandler
                0x080002bc                FPU_IRQHandler
                0x080002bc                OTG_HS_WKUP_IRQHandler
                0x080002bc                UsageFault_Handler
                0x080002bc                CAN2_SCE_IRQHandler
                0x080002bc                DMA2_Stream2_IRQHandler
                0x080002bc                SPI1_IRQHandler
                0x080002bc                TIM6_DAC_IRQHandler
                0x080002bc                TIM1_BRK_TIM9_IRQHandler
                0x080002bc                DCMI_IRQHandler
                0x080002bc                CAN2_RX0_IRQHandler
                0x080002bc                DMA2_Stream3_IRQHandler
                0x080002bc                USART6_IRQHandler
                0x080002bc                USART3_IRQHandler
                0x080002bc                CRYP_IRQHandler
                0x080002bc                CAN1_RX1_IRQHandler
                0x080002bc                UART5_IRQHandler
                0x080002bc                DMA2_Stream0_IRQHandler
                0x080002bc                TIM4_IRQHandler
                0x080002bc                I2C1_EV_IRQHandler
                0x080002bc                DMA1_Stream6_IRQHandler
                0x080002bc                DMA1_Stream1_IRQHandler
                0x080002bc                UART4_IRQHandler
                0x080002bc                TIM3_IRQHandler
                0x080002bc                RCC_IRQHandler
                0x080002bc                TIM8_BRK_TIM12_IRQHandler
                0x080002bc                Default_Handler
                0x080002bc                EXTI15_10_IRQHandler
                0x080002bc                ADC_IRQHandler
                0x080002bc                DMA1_Stream7_IRQHandler
                0x080002bc                TIM7_IRQHandler
                0x080002bc                CAN2_TX_IRQHandler
                0x080002bc                TIM5_IRQHandler
                0x080002bc                DMA2_Stream7_IRQHandler
                0x080002bc                I2C3_EV_IRQHandler
                0x080002bc                EXTI9_5_IRQHandler
                0x080002bc                RTC_WKUP_IRQHandler
                0x080002bc                ETH_WKUP_IRQHandler
                0x080002bc                SPI2_IRQHandler
                0x080002bc                OTG_HS_EP1_IN_IRQHandler
                0x080002bc                MemManage_Handler
                0x080002bc                DMA1_Stream0_IRQHandler
                0x080002bc                CAN1_TX_IRQHandler
                0x080002bc                SVC_Handler
                0x080002bc                EXTI4_IRQHandler
                0x080002bc                FSMC_IRQHandler
                0x080002bc                ETH_IRQHandler
                0x080002bc                OTG_HS_EP1_OUT_IRQHandler
                0x080002bc                WWDG_IRQHandler
                0x080002bc                TIM2_IRQHandler
                0x080002bc                OTG_FS_WKUP_IRQHandler
                0x080002bc                TIM1_TRG_COM_TIM11_IRQHandler
                0x080002bc                OTG_HS_IRQHandler
                0x080002bc                EXTI1_IRQHandler
                0x080002bc                USART2_IRQHandler
                0x080002bc                I2C2_ER_IRQHandler
                0x080002bc                DMA2_Stream1_IRQHandler
                0x080002bc                CAN1_SCE_IRQHandler
                0x080002bc                DMA2_Stream4_IRQHandler
                0x080002bc                BusFault_Handler
                0x080002bc                USART1_IRQHandler
                0x080002bc                OTG_FS_IRQHandler
                0x080002bc                SPI3_IRQHandler
                0x080002bc                DMA1_Stream4_IRQHandler
                0x080002bc                I2C1_ER_IRQHandler
                0x080002bc                DMA2_Stream6_IRQHandler
                0x080002bc                DMA1_Stream3_IRQHandler
 *fill*         0x080002be        0x2 
 .text.GPIO_PeriClockControl
                0x080002c0      0x108 ./drivers/Src/stm32f405xx_gpio_driver.o
                0x080002c0                GPIO_PeriClockControl
 .text.GPIO_Init
                0x080003c8      0x344 ./drivers/Src/stm32f405xx_gpio_driver.o
                0x080003c8                GPIO_Init
 .text.I2C_PeriClockControl
                0x0800070c       0xb0 ./drivers/Src/stm32f405xx_i2c_driver.o
                0x0800070c                I2C_PeriClockControl
 .text.I2C_PeripheralControl
                0x080007bc       0x36 ./drivers/Src/stm32f405xx_i2c_driver.o
                0x080007bc                I2C_PeripheralControl
 *fill*         0x080007f2        0x2 
 .text.I2C_Init
                0x080007f4      0x124 ./drivers/Src/stm32f405xx_i2c_driver.o
                0x080007f4                I2C_Init
 .text.I2C_ManageAcking
                0x08000918       0x36 ./drivers/Src/stm32f405xx_i2c_driver.o
                0x08000918                I2C_ManageAcking
 *fill*         0x0800094e        0x2 
 .text.RCC_GetPCLK1Value
                0x08000950       0xac ./drivers/Src/stm32f405xx_rcc_driver.o
                0x08000950                RCC_GetPCLK1Value
 .text.RCC_GetPLLOutputClock
                0x080009fc        0xe ./drivers/Src/stm32f405xx_rcc_driver.o
                0x080009fc                RCC_GetPLLOutputClock
 *fill*         0x08000a0a        0x2 
 .text.__libc_init_array
                0x08000a0c       0x48 E:/STM32CubeIDE_1.17.0/STM32CubeIDE/plugins/com.st.stm32cube.ide.mcu.externaltools.gnu-tools-for-stm32.12.3.rel1.win32_1.1.0.202410251130/tools/bin/../lib/gcc/arm-none-eabi/12.3.1/../../../../arm-none-eabi/lib/thumb/v7e-m/nofp\libc_nano.a(libc_a-init.o)
                0x08000a0c                __libc_init_array
 *(.glue_7)
 .glue_7        0x08000a54        0x0 linker stubs
 *(.glue_7t)
 .glue_7t       0x08000a54        0x0 linker stubs
 *(.eh_frame)
 .eh_frame      0x08000a54        0x0 E:/STM32CubeIDE_1.17.0/STM32CubeIDE/plugins/com.st.stm32cube.ide.mcu.externaltools.gnu-tools-for-stm32.12.3.rel1.win32_1.1.0.202410251130/tools/bin/../lib/gcc/arm-none-eabi/12.3.1/thumb/v7e-m/nofp/crtbegin.o
 *(.init)
 .init          0x08000a54        0x4 E:/STM32CubeIDE_1.17.0/STM32CubeIDE/plugins/com.st.stm32cube.ide.mcu.externaltools.gnu-tools-for-stm32.12.3.rel1.win32_1.1.0.202410251130/tools/bin/../lib/gcc/arm-none-eabi/12.3.1/thumb/v7e-m/nofp/crti.o
                0x08000a54                _init
 .init          0x08000a58        0x8 E:/STM32CubeIDE_1.17.0/STM32CubeIDE/plugins/com.st.stm32cube.ide.mcu.externaltools.gnu-tools-for-stm32.12.3.rel1.win32_1.1.0.202410251130/tools/bin/../lib/gcc/arm-none-eabi/12.3.1/thumb/v7e-m/nofp/crtn.o
 *(.fini)
 .fini          0x08000a60        0x4 E:/STM32CubeIDE_1.17.0/STM32CubeIDE/plugins/com.st.stm32cube.ide.mcu.externaltools.gnu-tools-for-stm32.12.3.rel1.win32_1.1.0.202410251130/tools/bin/../lib/gcc/arm-none-eabi/12.3.1/thumb/v7e-m/nofp/crti.o
                0x08000a60                _fini
 .fini          0x08000a64        0x8 E:/STM32CubeIDE_1.17.0/STM32CubeIDE/plugins/com.st.stm32cube.ide.mcu.externaltools.gnu-tools-for-stm32.12.3.rel1.win32_1.1.0.202410251130/tools/bin/../lib/gcc/arm-none-eabi/12.3.1/thumb/v7e-m/nofp/crtn.o
                0x08000a6c                        . = ALIGN (0x4)
                0x08000a6c                        _etext = .

.vfp11_veneer   0x08000a6c        0x0
 .vfp11_veneer  0x08000a6c        0x0 linker stubs

.v4_bx          0x08000a6c        0x0
 .v4_bx         0x08000a6c        0x0 linker stubs

.iplt           0x08000a6c        0x0
 .iplt          0x08000a6c        0x0 E:/STM32CubeIDE_1.17.0/STM32CubeIDE/plugins/com.st.stm32cube.ide.mcu.externaltools.gnu-tools-for-stm32.12.3.rel1.win32_1.1.0.202410251130/tools/bin/../lib/gcc/arm-none-eabi/12.3.1/thumb/v7e-m/nofp/crtbegin.o

.rodata         0x08000a6c        0x0
                0x08000a6c                        . = ALIGN (0x4)
 *(.rodata)
 *(.rodata*)
                0x08000a6c                        . = ALIGN (0x4)

.ARM.extab      0x08000a6c        0x0
                0x08000a6c                        . = ALIGN (0x4)
 *(.ARM.extab* .gnu.linkonce.armextab.*)
                0x08000a6c                        . = ALIGN (0x4)

.ARM            0x08000a6c        0x0
                0x08000a6c                        . = ALIGN (0x4)
                0x08000a6c                        __exidx_start = .
 *(.ARM.exidx*)
                0x08000a6c                        __exidx_end = .
                0x08000a6c                        . = ALIGN (0x4)

.preinit_array  0x08000a6c        0x0
                0x08000a6c                        . = ALIGN (0x4)
                0x08000a6c                        PROVIDE (__preinit_array_start = .)
 *(.preinit_array*)
                0x08000a6c                        PROVIDE (__preinit_array_end = .)
                0x08000a6c                        . = ALIGN (0x4)

.init_array     0x08000a6c        0x4
                0x08000a6c                        . = ALIGN (0x4)
                0x08000a6c                        PROVIDE (__init_array_start = .)
 *(SORT_BY_NAME(.init_array.*))
 *(.init_array*)
 .init_array    0x08000a6c        0x4 E:/STM32CubeIDE_1.17.0/STM32CubeIDE/plugins/com.st.stm32cube.ide.mcu.externaltools.gnu-tools-for-stm32.12.3.rel1.win32_1.1.0.202410251130/tools/bin/../lib/gcc/arm-none-eabi/12.3.1/thumb/v7e-m/nofp/crtbegin.o
                0x08000a70                        PROVIDE (__init_array_end = .)
                0x08000a70                        . = ALIGN (0x4)

.fini_array     0x08000a70        0x4
                0x08000a70                        . = ALIGN (0x4)
                [!provide]                        PROVIDE (__fini_array_start = .)
 *(SORT_BY_NAME(.fini_array.*))
 *(.fini_array*)
 .fini_array    0x08000a70        0x4 E:/STM32CubeIDE_1.17.0/STM32CubeIDE/plugins/com.st.stm32cube.ide.mcu.externaltools.gnu-tools-for-stm32.12.3.rel1.win32_1.1.0.202410251130/tools/bin/../lib/gcc/arm-none-eabi/12.3.1/thumb/v7e-m/nofp/crtbegin.o
                [!provide]                        PROVIDE (__fini_array_end = .)
                0x08000a74                        . = ALIGN (0x4)
                0x08000a74                        _sidata = LOADADDR (.data)

.rel.dyn        0x08000a74        0x0
 .rel.iplt      0x08000a74        0x0 E:/STM32CubeIDE_1.17.0/STM32CubeIDE/plugins/com.st.stm32cube.ide.mcu.externaltools.gnu-tools-for-stm32.12.3.rel1.win32_1.1.0.202410251130/tools/bin/../lib/gcc/arm-none-eabi/12.3.1/thumb/v7e-m/nofp/crtbegin.o

.data           0x20000000       0x18 load address 0x08000a74
                0x20000000                        . = ALIGN (0x4)
                0x20000000                        _sdata = .
 *(.data)
 *(.data*)
 .data.AHB_Prescaler
                0x20000000       0x10 ./drivers/Src/stm32f405xx_rcc_driver.o
                0x20000000                AHB_Prescaler
 .data.APB_Prescaler
                0x20000010        0x8 ./drivers/Src/stm32f405xx_rcc_driver.o
                0x20000010                APB_Prescaler
 *(.RamFunc)
 *(.RamFunc*)
                0x20000018                        . = ALIGN (0x4)
                0x20000018                        _edata = .
                0x08000a8c                        _siccmram = LOADADDR (.ccmram)

.igot.plt       0x20000018        0x0 load address 0x08000a8c
 .igot.plt      0x20000018        0x0 E:/STM32CubeIDE_1.17.0/STM32CubeIDE/plugins/com.st.stm32cube.ide.mcu.externaltools.gnu-tools-for-stm32.12.3.rel1.win32_1.1.0.202410251130/tools/bin/../lib/gcc/arm-none-eabi/12.3.1/thumb/v7e-m/nofp/crtbegin.o

.ccmram         0x10000000        0x0 load address 0x08000a8c
                0x10000000                        . = ALIGN (0x4)
                0x10000000                        _sccmram = .
 *(.ccmram)
 *(.ccmram*)
                0x10000000                        . = ALIGN (0x4)
                0x10000000                        _eccmram = .
                0x10000000                        . = ALIGN (0x4)

.bss            0x20000018       0x44
                0x20000018                        _sbss = .
                0x20000018                        __bss_start__ = _sbss
 *(.bss)
 .bss           0x20000018       0x1c E:/STM32CubeIDE_1.17.0/STM32CubeIDE/plugins/com.st.stm32cube.ide.mcu.externaltools.gnu-tools-for-stm32.12.3.rel1.win32_1.1.0.202410251130/tools/bin/../lib/gcc/arm-none-eabi/12.3.1/thumb/v7e-m/nofp/crtbegin.o
 *(.bss*)
 .bss.I2C1Handle
                0x20000034       0x28 ./Src/007i2c_master_receive.o
                0x20000034                I2C1Handle
 *(COMMON)
                0x2000005c                        . = ALIGN (0x4)
                0x2000005c                        _ebss = .
                0x2000005c                        __bss_end__ = _ebss

._user_heap_stack
                0x2000005c      0x604
                0x20000060                        . = ALIGN (0x8)
 *fill*         0x2000005c        0x4 
                [!provide]                        PROVIDE (end = .)
                0x20000060                        PROVIDE (_end = .)
                0x20000260                        . = (. + _Min_Heap_Size)
 *fill*         0x20000060      0x200 
                0x20000660                        . = (. + _Min_Stack_Size)
 *fill*         0x20000260      0x400 
                0x20000660                        . = ALIGN (0x8)

/DISCARD/
 libc.a(*)
 libm.a(*)
 libgcc.a(*)

.ARM.attributes
                0x00000000       0x2a
 *(.ARM.attributes)
 .ARM.attributes
                0x00000000       0x1e E:/STM32CubeIDE_1.17.0/STM32CubeIDE/plugins/com.st.stm32cube.ide.mcu.externaltools.gnu-tools-for-stm32.12.3.rel1.win32_1.1.0.202410251130/tools/bin/../lib/gcc/arm-none-eabi/12.3.1/thumb/v7e-m/nofp/crti.o
 .ARM.attributes
                0x0000001e       0x2e E:/STM32CubeIDE_1.17.0/STM32CubeIDE/plugins/com.st.stm32cube.ide.mcu.externaltools.gnu-tools-for-stm32.12.3.rel1.win32_1.1.0.202410251130/tools/bin/../lib/gcc/arm-none-eabi/12.3.1/thumb/v7e-m/nofp/crtbegin.o
 .ARM.attributes
                0x0000004c       0x2e ./Src/007i2c_master_receive.o
 .ARM.attributes
                0x0000007a       0x21 ./Startup/startup_stm32f405rgtx.o
 .ARM.attributes
                0x0000009b       0x2e ./drivers/Src/stm32f405xx_gpio_driver.o
 .ARM.attributes
                0x000000c9       0x2e ./drivers/Src/stm32f405xx_i2c_driver.o
 .ARM.attributes
                0x000000f7       0x2e ./drivers/Src/stm32f405xx_rcc_driver.o
 .ARM.attributes
                0x00000125       0x2e E:/STM32CubeIDE_1.17.0/STM32CubeIDE/plugins/com.st.stm32cube.ide.mcu.externaltools.gnu-tools-for-stm32.12.3.rel1.win32_1.1.0.202410251130/tools/bin/../lib/gcc/arm-none-eabi/12.3.1/../../../../arm-none-eabi/lib/thumb/v7e-m/nofp\libc_nano.a(libc_a-init.o)
 .ARM.attributes
                0x00000153       0x1e E:/STM32CubeIDE_1.17.0/STM32CubeIDE/plugins/com.st.stm32cube.ide.mcu.externaltools.gnu-tools-for-stm32.12.3.rel1.win32_1.1.0.202410251130/tools/bin/../lib/gcc/arm-none-eabi/12.3.1/thumb/v7e-m/nofp/crtn.o
OUTPUT(stm32f4xx_drivers.elf elf32-littlearm)
LOAD linker stubs
LOAD E:/STM32CubeIDE_1.17.0/STM32CubeIDE/plugins/com.st.stm32cube.ide.mcu.externaltools.gnu-tools-for-stm32.12.3.rel1.win32_1.1.0.202410251130/tools/bin/../lib/gcc/arm-none-eabi/12.3.1/../../../../arm-none-eabi/lib/thumb/v7e-m/nofp\libc.a
LOAD E:/STM32CubeIDE_1.17.0/STM32CubeIDE/plugins/com.st.stm32cube.ide.mcu.externaltools.gnu-tools-for-stm32.12.3.rel1.win32_1.1.0.202410251130/tools/bin/../lib/gcc/arm-none-eabi/12.3.1/../../../../arm-none-eabi/lib/thumb/v7e-m/nofp\libm.a
LOAD E:/STM32CubeIDE_1.17.0/STM32CubeIDE/plugins/com.st.stm32cube.ide.mcu.externaltools.gnu-tools-for-stm32.12.3.rel1.win32_1.1.0.202410251130/tools/bin/../lib/gcc/arm-none-eabi/12.3.1/thumb/v7e-m/nofp\libgcc.a

.debug_info     0x00000000     0x18b7
 .debug_info    0x00000000      0x419 ./Src/007i2c_master_receive.o
 .debug_info    0x00000419       0x30 ./Startup/startup_stm32f405rgtx.o
 .debug_info    0x00000449      0x741 ./drivers/Src/stm32f405xx_gpio_driver.o
 .debug_info    0x00000b8a      0x9ae ./drivers/Src/stm32f405xx_i2c_driver.o
 .debug_info    0x00001538      0x37f ./drivers/Src/stm32f405xx_rcc_driver.o

.debug_abbrev   0x00000000      0x67a
 .debug_abbrev  0x00000000      0x140 ./Src/007i2c_master_receive.o
 .debug_abbrev  0x00000140       0x24 ./Startup/startup_stm32f405rgtx.o
 .debug_abbrev  0x00000164      0x178 ./drivers/Src/stm32f405xx_gpio_driver.o
 .debug_abbrev  0x000002dc      0x29e ./drivers/Src/stm32f405xx_i2c_driver.o
 .debug_abbrev  0x0000057a      0x100 ./drivers/Src/stm32f405xx_rcc_driver.o

.debug_aranges  0x00000000      0x1d0
 .debug_aranges
                0x00000000       0x30 ./Src/007i2c_master_receive.o
 .debug_aranges
                0x00000030       0x28 ./Startup/startup_stm32f405rgtx.o
 .debug_aranges
                0x00000058       0x70 ./drivers/Src/stm32f405xx_gpio_driver.o
 .debug_aranges
                0x000000c8       0xd8 ./drivers/Src/stm32f405xx_i2c_driver.o
 .debug_aranges
                0x000001a0       0x30 ./drivers/Src/stm32f405xx_rcc_driver.o

.debug_rnglists
                0x00000000      0x152
 .debug_rnglists
                0x00000000       0x1f ./Src/007i2c_master_receive.o
 .debug_rnglists
                0x0000001f       0x19 ./Startup/startup_stm32f405rgtx.o
 .debug_rnglists
                0x00000038       0x53 ./drivers/Src/stm32f405xx_gpio_driver.o
 .debug_rnglists
                0x0000008b       0xa6 ./drivers/Src/stm32f405xx_i2c_driver.o
 .debug_rnglists
                0x00000131       0x21 ./drivers/Src/stm32f405xx_rcc_driver.o

.debug_macro    0x00000000     0x2863
 .debug_macro   0x00000000      0x196 ./Src/007i2c_master_receive.o
 .debug_macro   0x00000196      0xaae ./Src/007i2c_master_receive.o
 .debug_macro   0x00000c44       0x22 ./Src/007i2c_master_receive.o
 .debug_macro   0x00000c66       0x8e ./Src/007i2c_master_receive.o
 .debug_macro   0x00000cf4       0x51 ./Src/007i2c_master_receive.o
 .debug_macro   0x00000d45      0x103 ./Src/007i2c_master_receive.o
 .debug_macro   0x00000e48       0x6a ./Src/007i2c_master_receive.o
 .debug_macro   0x00000eb2      0x1df ./Src/007i2c_master_receive.o
 .debug_macro   0x00001091      0x189 ./Src/007i2c_master_receive.o
 .debug_macro   0x0000121a      0x78b ./Src/007i2c_master_receive.o
 .debug_macro   0x000019a5       0xc4 ./Src/007i2c_master_receive.o
 .debug_macro   0x00001a69       0xc4 ./Src/007i2c_master_receive.o
 .debug_macro   0x00001b2d       0xb2 ./Src/007i2c_master_receive.o
 .debug_macro   0x00001bdf       0xd0 ./Src/007i2c_master_receive.o
 .debug_macro   0x00001caf       0x61 ./Src/007i2c_master_receive.o
 .debug_macro   0x00001d10       0x24 ./Src/007i2c_master_receive.o
 .debug_macro   0x00001d34       0x43 ./Src/007i2c_master_receive.o
 .debug_macro   0x00001d77       0x34 ./Src/007i2c_master_receive.o
 .debug_macro   0x00001dab       0x16 ./Src/007i2c_master_receive.o
 .debug_macro   0x00001dc1       0x43 ./Src/007i2c_master_receive.o
 .debug_macro   0x00001e04       0x34 ./Src/007i2c_master_receive.o
 .debug_macro   0x00001e38       0x10 ./Src/007i2c_master_receive.o
 .debug_macro   0x00001e48       0x58 ./Src/007i2c_master_receive.o
 .debug_macro   0x00001ea0       0x8e ./Src/007i2c_master_receive.o
 .debug_macro   0x00001f2e       0x1c ./Src/007i2c_master_receive.o
 .debug_macro   0x00001f4a      0x177 ./Src/007i2c_master_receive.o
 .debug_macro   0x000020c1      0x369 ./Src/007i2c_master_receive.o
 .debug_macro   0x0000242a       0x10 ./Src/007i2c_master_receive.o
 .debug_macro   0x0000243a       0x35 ./Src/007i2c_master_receive.o
 .debug_macro   0x0000246f       0x20 ./Src/007i2c_master_receive.o
 .debug_macro   0x0000248f       0xc2 ./drivers/Src/stm32f405xx_gpio_driver.o
 .debug_macro   0x00002551       0xbe ./drivers/Src/stm32f405xx_gpio_driver.o
 .debug_macro   0x0000260f       0xd6 ./drivers/Src/stm32f405xx_gpio_driver.o
 .debug_macro   0x000026e5       0xc2 ./drivers/Src/stm32f405xx_i2c_driver.o
 .debug_macro   0x000027a7       0xbc ./drivers/Src/stm32f405xx_rcc_driver.o

.debug_line     0x00000000     0x243c
 .debug_line    0x00000000      0x6be ./Src/007i2c_master_receive.o
 .debug_line    0x000006be       0x7b ./Startup/startup_stm32f405rgtx.o
 .debug_line    0x00000739      0xa72 ./drivers/Src/stm32f405xx_gpio_driver.o
 .debug_line    0x000011ab      0xca0 ./drivers/Src/stm32f405xx_i2c_driver.o
 .debug_line    0x00001e4b      0x5f1 ./drivers/Src/stm32f405xx_rcc_driver.o

.debug_str      0x00000000     0xa47d
 .debug_str     0x00000000     0x9e65 ./Src/007i2c_master_receive.o
                               0xa061 (size before relaxing)
 .debug_str     0x00009e65       0x3f ./Startup/startup_stm32f405rgtx.o
                                 0x89 (size before relaxing)
 .debug_str     0x00009ea4      0x2a6 ./drivers/Src/stm32f405xx_gpio_driver.o
                               0x7036 (size before relaxing)
 .debug_str     0x0000a14a      0x298 ./drivers/Src/stm32f405xx_i2c_driver.o
                               0x71be (size before relaxing)
 .debug_str     0x0000a3e2       0x9b ./drivers/Src/stm32f405xx_rcc_driver.o
                               0x6e5d (size before relaxing)

.comment        0x00000000       0x43
 .comment       0x00000000       0x43 ./Src/007i2c_master_receive.o
                                 0x44 (size before relaxing)
 .comment       0x00000043       0x44 ./drivers/Src/stm32f405xx_gpio_driver.o
 .comment       0x00000043       0x44 ./drivers/Src/stm32f405xx_i2c_driver.o
 .comment       0x00000043       0x44 ./drivers/Src/stm32f405xx_rcc_driver.o

.debug_frame    0x00000000      0x688
 .debug_frame   0x00000000       0x6c ./Src/007i2c_master_receive.o
 .debug_frame   0x0000006c      0x1c8 ./drivers/Src/stm32f405xx_gpio_driver.o
 .debug_frame   0x00000234      0x3b0 ./drivers/Src/stm32f405xx_i2c_driver.o
 .debug_frame   0x000005e4       0x78 ./drivers/Src/stm32f405xx_rcc_driver.o
 .debug_frame   0x0000065c       0x2c E:/STM32CubeIDE_1.17.0/STM32CubeIDE/plugins/com.st.stm32cube.ide.mcu.externaltools.gnu-tools-for-stm32.12.3.rel1.win32_1.1.0.202410251130/tools/bin/../lib/gcc/arm-none-eabi/12.3.1/../../../../arm-none-eabi/lib/thumb/v7e-m/nofp\libc_nano.a(libc_a-init.o)

.debug_line_str
                0x00000000       0x6d
 .debug_line_str
                0x00000000       0x6d ./Startup/startup_stm32f405rgtx.o
